AGENTS.md	100644	130660426564726646571047dd50c143b0563dc364253c9db4a1727bf37b8f85	0	5874
aliases.go	100644	5688589c814392e579258ba71b600447d659be9276b857e6ab380d0f71b1162f	0	6154
auth.go	100644	ee0ea3066d271ae78f88e787aeec6dc8169bc87781c31047d213a33daf5e6b82	0	829
build.sh	100644	5f62426d0adc66bb46af6f841d8c0d3dc583513f9adc55e6f897fe9f2a405847	0	214
bulk.go	100644	1082fe9968e5f2493d77c2868efc884f8af145ab4af2e39047d80b5829107781	0	7640
cleanup.go	100644	a944e55cf069f92cc09d4bb09ccd6762e3b7ff542fe27f141d31347280698e45	0	7283
daemon.go	100644	f9a7c64463dbddd1f07f3a4cab3ca709276c4a6aa9c12801f217de2c7825dbac	0	2479
.gitignore	100644	d27c3c79b17d34b43a82d9565661751a27beab8104d1e22f02e13ffbbdbf4ec1	0	64
go.mod	100644	47793d9650d6a8aa421620890ca830b00e27364d8cad1b25d97246a0e18e982c	0	109
go.sum	100644	b60e5bcc959a2e65ebbb18639c4aec0f80d84a0a6579e9c158d3214f2cd15f78	0	159
LICENSE	100644	1fa7e24de8cc469d940f91d0fb088fac0f8cbed23a21ce370835a50166d9bcba	0	1066
mailbox.go	100644	f19e3de034c1b13c7fbd685e5611668ba37497f256fa5cbbc9ca5939aa95dd35	0	13407
main.go	100644	43043e3d572afae9d3356cedea1fc21e9d1afd9c36c2837a7a65eb714f378c7b	0	4016
messages.go	100644	0507b743fb8c657454b92404dbe1d1995e5fc08920a6df40cbe933a6b5c7c816	0	4009
out.go	100644	885066c040d38fc3b7b337ba12c55e578c2b7938726add23390e6416b2c61a3f	0	739
poche.go	100644	faebb4b31d365487d13e2cc3ff2fffd0cf4d272ce5495e0a9dbc654e0f7b1957	0	5412
README.md	100644	6ad0d5f635b9c664076376b1e17fa4eeb9107253cf8b40cb4722cd4107a99205	0	3220
reply.go	100644	77fbc65f32adc06cf4b5bef05781cae35cc6768366330327c2ea5b410a256b45	0	3895
resend.go	100644	4da681e86d12fd1da53e2f513353e47898382252ba145cb3ec4423e6a543e06d	0	3617
reset.go	100644	2fce122762b2f8dfc9fe619f27b4f1fb8ad628d35dcae5617422142c220d2472	0	8484
seed.go	100644	895f2cf6bad1351336c51876813e807afd19f9009469271eafe02e3ec1b5e8f7	0	7588
server.go	100644	50ee42492a3e961b8fa8e21d6ebc985f59f4a350106efd2701a25692f2705542	0	5670
session.go	100644	5668b77325726f29e2457a1628c110e00ddd967f0fb485e736f713acda5d2565	0	8625
smoke.sh	100644	0383af35f52568ea6bac36327d3e94b1fbc3515832893dba720933972f6067b1	0	2011
smtp.go	100644	96c85f4708182318da4875e6f711eeeec8d067fdd4e5904f16cccd8886e14871	0	10096
sync.go	100644	ab999d04ea2fbb30f783196587ad06dd1e9176adcfaecaddcb0643335b5ebe1c	0	6042
ui/css/app.css	100644	9348c1bb95e5ed767230905580ba883486ddb8e6f1cd5e8e155e7241bb5f1bc6	0	756
ui/index.html	100644	a322dc7314b5507cc835f38f0d1a24674207516629289a250f7f1146011c8c52	0	1641
ui/js/api.jsx	100644	400ea90cfd7ddbffcf89426545b1e513a4f4c80c25da2943108e66b9593a6660	0	5277
ui/js/app.jsx	100644	3c770720cf3874122fa3d8c32612fb428f5d819aa823708e05f71542db8e6782	0	9542
ui/js/app-layout.jsx	100644	69ece9037cfc90a1edffecc2b9cdc1dd7f7739bbfe93d32233da95de65c34572	0	3221
ui/js/app-login.jsx	100644	5bb2d17eecfd79010f43d0a0ba04eb374f66d61c2af8a94a2346ce1921d4abea	0	8206
ui/js/components.jsx	100644	c2945296530df56af7d12965d1ccf1e3b671055752995a3d5328bca05f09e4d7	0	11806
ui/js/components-pane.jsx	100644	63e3adeee87776ed2cb5ac5fbba4f30a7822a3016f068dc685324dfcecfc56ae	0	4343
webhook.go	100644	fa7d629ed5dd1601468c41d9c2e7cce83fb8638eb2c70aa1a72f1a27415dc82d	0	3476